Microchip MPLAB XC8 PIC(R) Assembler V3.0

Linker command line:

-W-3 \
  --edf=/Users/thetrung/.mchp_packs/Microchip/PIC18F-K_DFP/1.15.303/xc8/pic/dat/20250324170814_en.msgs \
  -cs -h+dist/default/debug/ASM_UART_PIC18F45K50.X.debug.sym \
  --cmf=dist/default/debug/ASM_UART_PIC18F45K50.X.debug.cmf -z -Q18F45K50 \
  -o/tmp/xcz6hqepX/driver_tmp_3.o --fixupoverflow=error \
  -ver=XC8 PIC(R) Assembler --fixupoverflow=lstwarn \
  -Mdist/default/debug/ASM_UART_PIC18F45K50.X.debug.map -E1 \
  -ACODE=00h-07FFFh -ACONST=00h-07FFFh -ASMALLCONST=0800h-08FFhx120 \
  -AMEDIUMCONST=0800h-07FFFh -ACOMRAM=00h-05Fh -AABS1=00h-07FFh \
  -ABIGRAM=00h-07FFh -ARAM=060h-0FFh,0100h-01FFhx7 -ABANK0=060h-0FFh \
  -ABANK1=0100h-01FFh -ABANK2=0200h-02FFh -ABANK3=0300h-03FFh \
  -ABANK4=0400h-04FFh -ABANK5=0500h-05FFh -ABANK6=0600h-06FFh \
  -ABANK7=0700h-07FFh -ASFR=0F53h-0F5Fh,0F60h-0FFFh -ABIGSFR=0F53h-0FFFh \
  -AIDLOC=0200000h-0200007h -AEEDATA=0F00000h-0F000FFh \
  build/default/debug/main.o build/default/debug/uart.o \
  build/default/debug/i2c.o build/default/debug/ssd1306.o 

Object code version is 3.11

Machine type is 18F45K50



                Name                               Link     Load   Length Selector   Space Scale
build/default/debug/main.o
                config                           300000   300000        E        0       4
                mainCode                           7F00     7F00      100     3F80       0
                resetVector                        7C72     7C72        4     3E39       0
                i2cCode                            7D30     7D30       E8     3E98       0
                uartCode                           7C76     7C76       3C     3E3B       0
                udata                                62       62        2       60       1
build/default/debug/uart.o
                uartCode                           7CB2     7CB2       3C     3E59       0
build/default/debug/i2c.o
                i2cCode                            7CEE     7CEE       42     3E77       0
build/default/debug/ssd1306.o
                i2cCode                            7E18     7E18       E8     3F0C       0
                udata                                60       60        2       60       1

TOTAL           Name                               Link     Load   Length     Space
        CLASS   CODE           
                mainCode                           7F00     7F00      100         0
                resetVector                        7C72     7C72        4         0
                i2cCode                            7D30     7D30       E8         0
                uartCode                           7C76     7C76       3C         0
                uartCode                           7CB2     7CB2       3C         0
                i2cCode                            7CEE     7CEE       42         0
                i2cCode                            7E18     7E18       E8         0

        CLASS   CONST          

        CLASS   SMALLCONST     

        CLASS   MEDIUMCONST    

        CLASS   COMRAM         

        CLASS   ABS1           

        CLASS   BIGRAM         

        CLASS   RAM            
                udata                                62       62        2         1
                udata                                60       60        2         1

        CLASS   BANK0          

        CLASS   BANK1          

        CLASS   BANK2          

        CLASS   BANK3          

        CLASS   BANK4          

        CLASS   BANK5          

        CLASS   BANK6          

        CLASS   BANK7          

        CLASS   SFR            

        CLASS   BIGSFR         

        CLASS   IDLOC          

        CLASS   EEDATA         

        CLASS   CONFIG         
                config                           300000   300000        E         4



SEGMENTS        Name                           Load    Length   Top    Selector   Space  Class

                i2cCode%120                    007D30  0000E8  007E18      3E98       0  CODE    
                i2cCode%121                    007CEE  000042  007D30      3E77       0  CODE    
                i2cCode                        007E18  0000E8  007F00      3F0C       0  CODE    
                mainCode                       007F00  000100  008000      3F80       0  CODE    
                resetVector                    007C72  000004  007C76      3E39       0  CODE    
                uartCode                       007CB2  00003C  007CEE      3E59       0  CODE    
                uartCode%123                   007C76  00003C  007CB2      3E3B       0  CODE    
                udata                          000060  000004  000064        60       1  RAM     


UNUSED ADDRESS RANGES

        Name                Unused          Largest block    Delta
        BANK0            000064-0000FF               9C
        BANK1            000100-0001FF              100
        BANK2            000200-0002FF              100
        BANK3            000300-0003FF              100
        BANK4            000400-0004FF              100
        BANK5            000500-0005FF              100
        BANK6            000600-0006FF              100
        BANK7            000700-0007FF              100
        BIGRAM           000000-0007FF              800
        BIGSFR           000F53-000FFF               AD
        CODE             000000-007C71             7C72
        COMRAM           000000-00005F               60
        CONST            000000-007C71             7C72
        EEDATA           F00000-F000FF              100
        IDLOC            200000-200007                8
        MEDIUMCONST      000800-007C71             7472
        RAM              000064-0007FF              100
        SFR              000F53-000FFF                D
        SMALLCONST       000800-007C71              100

                                  Symbol Table

__H__absolute__ __absolute__ 000000  __Hcode         code         000000
__Hconfig       config       30000E  __Hdata         data         000000
__Hedata        edata        000000  __Hi2cCode      i2cCode      000000
__HmainCode     mainCode     000000  __HresetVector  resetVector  000000
__Hspace_0      (abs)        008000  __Hspace_1      (abs)        000064
__Hspace_3      (abs)        000000  __Hspace_4      (abs)        60000E
__Hssd1306Code  ssd1306Code  000000  __HuartCode     uartCode     000000
__Hudata        udata        000000  __Hudata_acs    udata_acs    000000
__Hudata_bank0  udata_bank0  000000  __Hudata_bank1  udata_bank1  000000
__Hudata_bank2  udata_bank2  000000  __Hudata_bank3  udata_bank3  000000
__Hudata_bank4  udata_bank4  000000  __Hudata_bank5  udata_bank5  000000
__Hudata_bank6  udata_bank6  000000  __Hudata_bank7  udata_bank7  000000
__L__absolute__ __absolute__ 000000  __Lcode         code         000000
__Lconfig       config       000000  __Ldata         data         000000
__Ledata        edata        000000  __Li2cCode      i2cCode      000000
__LmainCode     mainCode     000000  __LresetVector  resetVector  000000
__Lspace_0      (abs)        000000  __Lspace_1      (abs)        000000
__Lspace_3      (abs)        000000  __Lspace_4      (abs)        000000
__Lssd1306Code  ssd1306Code  000000  __LuartCode     uartCode     000000
__Ludata        udata        000000  __Ludata_acs    udata_acs    000000
__Ludata_bank0  udata_bank0  000000  __Ludata_bank1  udata_bank1  000000
__Ludata_bank2  udata_bank2  000000  __Ludata_bank3  udata_bank3  000000
__Ludata_bank4  udata_bank4  000000  __Ludata_bank5  udata_bank5  000000
__Ludata_bank6  udata_bank6  000000  __Ludata_bank7  udata_bank7  000000
__S0            (abs)        008000  __S1            (abs)        000064
__S3            (abs)        000000  isa$std         (abs)        000001
isa$xinst       (abs)        000000  
